         Covariate                               n=174
1         date_cam                                    
2        Mean (sd)             2023-05-05 (286.0 days)
3 Median (Min,Max) 2023-07-07 (2021-07-11, 2024-08-20)
4          Missing                                  87
    Covariate n=174
1    date_cam      
2  2021/07/11 1 (1)
3  2021/08/01 1 (1)
4  2021/09/22 1 (1)
5  2021/09/25 1 (1)
6  2021/10/02 1 (1)
7  2021/10/08 1 (1)
8  2021/10/17 1 (1)
9  2021/10/24 1 (1)
10 2021/11/04 1 (1)
11 2021/11/21 1 (1)
12 2021/11/24 1 (1)
13 2022/01/07 1 (1)
14 2022/03/07 1 (1)
15 2022/06/03 1 (1)
16 2022/07/19 1 (1)
17 2022/08/30 1 (1)
18 2022/09/28 1 (1)
19 2022/12/05 1 (1)
20 2022/12/12 1 (1)
21 2022/12/16 1 (1)
22 2023/01/19 2 (2)
23 2023/01/23 1 (1)
24 2023/01/27 1 (1)
25 2023/02/11 1 (1)
26 2023/02/27 1 (1)
27 2023/03/10 1 (1)
28 2023/03/28 1 (1)
29 2023/03/31 1 (1)
30 2023/04/06 1 (1)
31 2023/04/13 1 (1)
32 2023/05/09 2 (2)
33 2023/05/16 1 (1)
34 2023/05/23 1 (1)
35 2023/05/27 1 (1)
36 2023/05/31 2 (2)
37 2023/06/07 1 (1)
38 2023/06/26 1 (1)
39 2023/06/29 1 (1)
40 2023/06/30 2 (2)
41 2023/07/07 1 (1)
42 2023/07/14 1 (1)
43 2023/07/17 1 (1)
44 2023/07/18 1 (1)
45 2023/07/25 2 (2)
46 2023/07/31 1 (1)
47 2023/08/04 1 (1)
48 2023/08/09 2 (2)
49 2023/08/12 1 (1)
50 2023/08/21 1 (1)
51 2023/08/24 1 (1)
52 2023/08/30 1 (1)
53 2023/09/11 2 (2)
54 2023/09/19 1 (1)
55 2023/09/26 1 (1)
56 2023/10/30 2 (2)
57 2023/11/14 1 (1)
58 2023/12/05 1 (1)
59 2023/12/06 1 (1)
60 2023/12/11 1 (1)
61 2023/12/12 1 (1)
62 2023/12/18 1 (1)
63 2024/01/08 1 (1)
64 2024/01/11 1 (1)
65 2024/01/18 1 (1)
66 2024/01/22 2 (2)
67 2024/02/08 1 (1)
68 2024/02/09 1 (1)
69 2024/02/12 1 (1)
70 2024/02/23 2 (2)
71 2024/02/26 1 (1)
72 2024/03/25 2 (2)
73 2024/04/15 1 (1)
74 2024/04/22 1 (1)
75 2024/08/16 1 (1)
76 2024/08/19 1 (1)
77 2024/08/20 1 (1)
78    Missing    87
To cite package ‘reportRmd’ in publications use:

  Avery L, Del Bel R, Espin-Garcia O, Lajkosz K, Ong C, Pittman T, Santiago A, Weiss J, Xu W (2026).
  _reportRmd: Tidy Presentation of Clinical Reporting_. R package version 0.1.3,
  <https://biostatspmh.github.io/reportRmd/>.

A BibTeX entry for LaTeX users is

  @Manual{,
    title = {reportRmd: Tidy Presentation of Clinical Reporting},
    author = {Lisa Avery and Ryan {Del Bel} and Osvaldo Espin-Garcia and Katherine Lajkosz and Clarina Ong and Tyler Pittman and Anna Santiago and Jessica Weiss and Wei Xu},
    year = {2026},
    note = {R package version 0.1.3},
    url = {https://biostatspmh.github.io/reportRmd/},
  }
